2024-11-06 16:25:52 - Intento fallido: a
2024-11-06 16:37:40 - Intento fallido: admin
2024-11-06 16:37:50 - Login exitoso: admin
2024-11-06 16:48:15 - Intento fallido: m
2024-11-06 18:02:30 - Intento fallido: xx
2024-11-06 18:04:51 - Intento fallido: aa
2024-11-06 18:04:55 - Intento fallido: sas
2024-11-06 18:04:59 - Intento fallido: ss
2024-11-06 18:05:03 - Intento fallido: www
2024-11-06 18:21:05 - Login fallido: s Error: No existe un usuario con ese nombre de usuario
2024-11-06 18:21:43 - Login fallido: x Error: No existe un usuario con ese nombre de usuario
2024-11-06 18:22:27 - Login fallido: k Error: No existe un usuario con ese nombre de usuario
2024-11-06 18:23:39 - Login fallido: hh Error: No existe un usuario con ese nombre de usuario
2024-11-06 18:24:06 - Login fallido: ss Error: No existe un usuario con ese nombre de usuario
2024-11-06 18:25:04 - Login fallido de usuario: ss Error: No existe un usuario con ese nombre de usuario
2024-11-06 18:25:09 - Login fallido de usuario: n Error: No existe un usuario con ese nombre de usuario
2024-11-06 18:26:24 - Login exitoso: admin
2024-11-07 08:50:27 - Login fallido. Usuario: admin Error: El usuario o la contraseña no coinciden
2024-11-07 08:50:33 - Login fallido. Usuario: a Error: No existe un usuario con ese nombre de usuario
2024-11-07 08:50:36 - Login fallido. Usuario: a Error: No existe un usuario con ese nombre de usuario
2024-11-07 08:50:39 - Login fallido. Usuario: a Error: No existe un usuario con ese nombre de usuario
2024-11-07 08:50:44 - Login fallido. Usuario: a Error: No existe un usuario con ese nombre de usuario
2024-11-07 08:52:07 - Login fallido. Usuario: f Error: No existe un usuario con ese nombre de usuario
2024-11-07 09:21:36 - Login exitoso: admin
2024-11-07 09:22:21 - Login exitoso: admin
2024-11-07 11:59:29 - Login fallido. Usuario: e Error: No existe un usuario con ese nombre de usuario
2024-11-07 11:59:35 - Login fallido. Usuario: e Error: No existe un usuario con ese nombre de usuario
2024-11-07 13:46:43 - Login fallido. Usuario: ww Error: No existe un usuario con ese nombre de usuario
2024-11-07 13:46:50 - Login fallido. Usuario: www Error: No existe un usuario con ese nombre de usuario
2024-11-07 13:46:58 - Login fallido. Usuario: w Error: No existe un usuario con ese nombre de usuario
2024-11-07 13:47:02 - Login fallido. Usuario: w Error: No existe un usuario con ese nombre de usuario
2024-11-07 13:47:08 - Login fallido. Usuario: w Error: No existe un usuario con ese nombre de usuario
2024-11-07 13:49:37 - Login fallido. Usuario: ww Error: No existe un usuario con ese nombre de usuario
2024-11-07 13:49:49 - Login exitoso: admin
2024-11-07 14:36:42 - Login fallido. Usuario: k Error: No existe un usuario con ese nombre de usuario
